src/components/home/ContactSection.tsx(407,13): error TS2353: Object literal may only specify known properties, and 'WebkitBackdropFilter' does not exist in type 'TargetAndTransition | string[]'.
src/components/home/ContactSection.tsx(414,13): error TS2353: Object literal may only specify known properties, and 'WebkitBackdropFilter' does not exist in type 'TargetAndTransition | string[]'.
src/components/home/ValueProp.tsx(105,17): error TS2322: Type '{ hidden: { opacity: number; y: number; }; visible: { opacity: number; y: number; transition: { duration: number; ease: number[]; }; }; }' is not assignable to type 'Variants'.
  Property 'visible' is incompatible with index signature.
    Type '{ opacity: number; y: number; transition: { duration: number; ease: number[]; }; }' is not assignable to type 'Variant'.
      Type '{ opacity: number; y: number; transition: { duration: number; ease: number[]; }; }' is not assignable to type 'TargetAndTransition'.
        Type '{ opacity: number; y: number; transition: { duration: number; ease: number[]; }; }' is not assignable to type '{ transition?: Transition<any> | undefined; transitionEnd?: ResolvedValues$1 | undefined; }'.
          Types of property 'transition' are incompatible.
            Type '{ duration: number; ease: number[]; }' is not assignable to type 'Transition<any> | undefined'.
              Type '{ duration: number; ease: number[]; }' is not assignable to type 'TransitionWithValueOverrides<any>'.
                Type '{ duration: number; ease: number[]; }' is not assignable to type 'ValueAnimationTransition<any>'.
                  Types of property 'ease' are incompatible.
                    Type 'number[]' is not assignable to type 'Easing | Easing[] | undefined'.
                      Type 'number[]' is not assignable to type 'EasingFunction | Easing[]'.
                        Type 'number[]' is not assignable to type 'Easing[]'.
                          Type 'number' is not assignable to type 'Easing'.
src/components/layout/ClientLayout.tsx(44,9): error TS2322: Type '{ initial: (dir: number) => false | { opacity: number; x: number; }; animate: { opacity: number; x: number; }; exit: (dir: number) => false | { opacity: number; x: number; }; }' is not assignable to type 'Variants'.
  Property 'initial' is incompatible with index signature.
    Type '(dir: number) => false | { opacity: number; x: number; }' is not assignable to type 'Variant'.
      Type '(dir: number) => false | { opacity: number; x: number; }' is not assignable to type 'TargetResolver'.
        Type 'false | { opacity: number; x: number; }' is not assignable to type 'string | TargetAndTransition'.
          Type 'boolean' is not assignable to type 'string | TargetAndTransition'.
